<?xml version="1.0" encoding="UTF-8"?>
<testsuites name="jest tests" tests="3" failures="0" errors="0" time="2.637">
  <testsuite name="UPLOAD" errors="0" failures="0" skipped="0" timestamp="2024-04-19T03:37:36" time="2.607" tests="3">
    <testcase classname="UPLOAD upload single document" name="UPLOAD upload single document" time="0.374">
    </testcase>
    <testcase classname="UPLOAD upload multiple documents" name="UPLOAD upload multiple documents" time="0.888">
    </testcase>
    <testcase classname="UPLOAD upload multiple documents" name="UPLOAD upload multiple documents" time="0.736">
    </testcase>
  </testsuite>
</testsuites>